./gradlew : WARNING: A restricted method in java.lang.System has been 
called
At line:1 char:1
+ ./gradlew :premium-intellij-plugin:compileJava > build_output.txt 
2>& ...
+ ~~~~~~~~~~~~~~~~~~~~~~~~~~~~~~~~~~~~~~~~~~~~~~~~~~~~~~~~~~~~~~~~~~~~~
    + CategoryInfo          : NotSpecified: (WARNING: A rest...has bee 
   n called:String) [], RemoteException
    + FullyQualifiedErrorId : NativeCommandError
 
WARNING: java.lang.System::load has been called by 
net.rubygrapefruit.platform.internal.NativeLibraryLoader in an unnamed 
module (file:/C:/Users/adria/.gradle/wrapper/dists/gradle-8.5-bin/5t9hu
q95ubn472n8rpzujfbqh/gradle-8.5/lib/native-platform-0.22-milestone-25.j
ar)
WARNING: Use --enable-native-access=ALL-UNNAMED to avoid a warning for 
callers in this module
WARNING: Restricted methods will be blocked in a future release unless 
native access is enabled

Reusing configuration cache.
> Task :premium-intellij-plugin:initializeIntelliJPlugin SKIPPED
> Task :premium-core-engine:generateEffectiveLombokConfig UP-TO-DATE
> Task :premium-intellij-plugin:patchPluginXml UP-TO-DATE
> Task :community-core-engine:compileJava UP-TO-DATE
> Task :premium-intellij-plugin:verifyPluginConfiguration
> Task :premium-core-engine:compileJava UP-TO-DATE

> Task :premium-intellij-plugin:compileJava FAILED
E:\Source\JakartaMigrationMCP\premium-intellij-plugin\src\main\java\adr
ianmikula\jakartamigration\intellij\service\RiskScoringService.java:94:
 error: cannot find symbol
                    loadDefaults();
                    ^
  symbol:   method loadDefaults()
  location: class RiskScoringService
Note: E:\Source\JakartaMigrationMCP\premium-intellij-plugin\src\main\ja
va\adrianmikula\jakartamigration\intellij\service\RiskScoringService.ja
va uses unchecked or unsafe operations.
Note: Recompile with -Xlint:unchecked for details.
1 error

FAILURE: Build failed with an exception.

* What went wrong:
Execution failed for task ':premium-intellij-plugin:compileJava'.
> Compilation failed; see the compiler error output for details.

* Try:
> Run with --info option to get more log output.
> Run with --scan to get full insights.

BUILD FAILED in 2s
6 actionable tasks: 2 executed, 4 up-to-date
Configuration cache entry reused.
