./gradlew : WARNING: A restricted method in 
java.lang.System has been called
At line:1 char:1
+ ./gradlew :premium-core-engine:compileTestJava > 
compile_output.txt 2 ...
+ ~~~~~~~~~~~~~~~~~~~~~~~~~~~~~~~~~~~~~~~~~~~~~~~~~~~~~~~
~~~~~~~~~~~~~~
    + CategoryInfo          : NotSpecified: (WARNING: A 
re    st...has been called:String) [], RemoteException
    + FullyQualifiedErrorId : NativeCommandError
 
WARNING: java.lang.System::load has been called by 
net.rubygrapefruit.platform.internal.NativeLibraryLoader 
in an unnamed module (file:/C:/Users/adria/.gradle/wrappe
r/dists/gradle-8.5-bin/5t9huq95ubn472n8rpzujfbqh/gradle-8
.5/lib/native-platform-0.22-milestone-25.jar)
WARNING: Use --enable-native-access=ALL-UNNAMED to avoid 
a warning for callers in this module
WARNING: Restricted methods will be blocked in a future 
release unless native access is enabled

Calculating task graph as no cached configuration is available for tasks: :premium-core-engine:compileTestJava

> Configure project :
>>> Project: jakarta-migration-parent, Version: 1.0.4# =============================================================================
>>> Project: community-core-engine, Version: 1.0.4# =============================================================================
>>> Project: community-mcp-server, Version: 1.0.4# =============================================================================
>>> Project: premium-core-engine, Version: 1.0.4# =============================================================================
>>> Project: premium-intellij-plugin, Version: 1.0.4# =============================================================================

> Task :premium-core-engine:generateEffectiveLombokConfig UP-TO-DATE
> Task :premium-core-engine:generateTestEffectiveLombokConfig UP-TO-DATE
> Task :premium-core-engine:processResources UP-TO-DATE
> Task :community-core-engine:compileJava UP-TO-DATE
> Task :premium-core-engine:compileJava UP-TO-DATE
> Task :premium-core-engine:classes UP-TO-DATE
> Task :premium-core-engine:compileTestJava UP-TO-DATE

BUILD SUCCESSFUL in 1s
6 actionable tasks: 6 up-to-date
Configuration cache entry stored.
