Initialized native services in: C:\Users\adria\.gradle\native
Initialized jansi services in: C:\Users\adria\.gradle\native
Received JVM installation metadata from 'C:\Program Files\Java\jdk-21.0.10': {JAVA_HOME=C:\Program Files\Java\jdk-21.0.10, JAVA_VERSION=21.0.10, JAVA_VENDOR=Oracle Corporation, RUNTIME_NAME=Java(TM) SE Runtime Environment, RUNTIME_VERSION=21.0.10+8-LTS-217, VM_NAME=Java HotSpot(TM) 64-Bit Server VM, VM_VERSION=21.0.10+8-LTS-217, VM_VENDOR=Oracle Corporation, OS_ARCH=amd64}
Found daemon DaemonInfo{pid=30468, address=[acffd723-1f55-4412-a696-0b0e3d14b7cb port:61989, addresses:[/127.0.0.1]], state=Idle, lastBusy=1772871693732, context=DefaultDaemonContext[uid=5f86e0f4-e53b-4310-a9b1-b404819a57e6,javaHome=C:\Users\adria\.antigravity\extensions\redhat.java-1.52.0-win32-x64\jre\21.0.9-win32-x86_64,daemonRegistryDir=C:\Users\adria\.gradle\daemon,pid=30468,idleTimeout=10800000,priority=NORMAL,applyInstrumentationAgent=true,daemonOpts=-XX:MaxMetaspaceSize=512m,-XX:+HeapDumpOnOutOfMemoryError,--add-opens=java.base/java.util=ALL-UNNAMED,--add-opens=java.base/java.lang=ALL-UNNAMED,--add-opens=java.base/java.lang.invoke=ALL-UNNAMED,--add-opens=java.prefs/java.util.prefs=ALL-UNNAMED,--add-opens=java.base/java.nio.charset=ALL-UNNAMED,--add-opens=java.base/java.net=ALL-UNNAMED,--add-opens=java.base/java.util.concurrent.atomic=ALL-UNNAMED,-Xmx2048m,-Dfile.encoding=UTF-8,-Duser.country=AU,-Duser.language=en,-Duser.variant]} however its context does not match the desired criteria.
Java home is different.
Wanted: DefaultDaemonContext[uid=null,javaHome=C:\Program Files\Java\jdk-21.0.10,daemonRegistryDir=C:\Users\adria\.gradle\daemon,pid=35860,idleTimeout=null,priority=NORMAL,applyInstrumentationAgent=true,daemonOpts=-XX:MaxMetaspaceSize=512m,-XX:+HeapDumpOnOutOfMemoryError,--add-opens=java.base/java.util=ALL-UNNAMED,--add-opens=java.base/java.lang=ALL-UNNAMED,--add-opens=java.base/java.lang.invoke=ALL-UNNAMED,--add-opens=java.prefs/java.util.prefs=ALL-UNNAMED,--add-opens=java.base/java.nio.charset=ALL-UNNAMED,--add-opens=java.base/java.net=ALL-UNNAMED,--add-opens=java.base/java.util.concurrent.atomic=ALL-UNNAMED,-Xmx2048m,-Dfile.encoding=UTF-8,-Duser.country=AU,-Duser.language=en,-Duser.variant]
Actual: DefaultDaemonContext[uid=5f86e0f4-e53b-4310-a9b1-b404819a57e6,javaHome=C:\Users\adria\.antigravity\extensions\redhat.java-1.52.0-win32-x64\jre\21.0.9-win32-x86_64,daemonRegistryDir=C:\Users\adria\.gradle\daemon,pid=30468,idleTimeout=10800000,priority=NORMAL,applyInstrumentationAgent=true,daemonOpts=-XX:MaxMetaspaceSize=512m,-XX:+HeapDumpOnOutOfMemoryError,--add-opens=java.base/java.util=ALL-UNNAMED,--add-opens=java.base/java.lang=ALL-UNNAMED,--add-opens=java.base/java.lang.invoke=ALL-UNNAMED,--add-opens=java.prefs/java.util.prefs=ALL-UNNAMED,--add-opens=java.base/java.nio.charset=ALL-UNNAMED,--add-opens=java.base/java.net=ALL-UNNAMED,--add-opens=java.base/java.util.concurrent.atomic=ALL-UNNAMED,-Xmx2048m,-Dfile.encoding=UTF-8,-Duser.country=AU,-Duser.language=en,-Duser.variant]

  Looking for a different daemon...
Found daemon DaemonInfo{pid=15428, address=[0cb188e1-85a4-4424-8b46-6384b65adc96 port:61996, addresses:[/127.0.0.1]], state=Idle, lastBusy=1772871893691, context=DefaultDaemonContext[uid=8c89e493-f68a-4ca8-97ee-7d5b400f49ec,javaHome=C:\Users\adria\AppData\Local\mise\installs\java\21.0.0,daemonRegistryDir=C:\Users\adria\.gradle\daemon,pid=15428,idleTimeout=10800000,priority=NORMAL,applyInstrumentationAgent=true,daemonOpts=-XX:MaxMetaspaceSize=512m,-XX:+HeapDumpOnOutOfMemoryError,--add-opens=java.base/java.util=ALL-UNNAMED,--add-opens=java.base/java.lang=ALL-UNNAMED,--add-opens=java.base/java.lang.invoke=ALL-UNNAMED,--add-opens=java.prefs/java.util.prefs=ALL-UNNAMED,--add-opens=java.base/java.nio.charset=ALL-UNNAMED,--add-opens=java.base/java.net=ALL-UNNAMED,--add-opens=java.base/java.util.concurrent.atomic=ALL-UNNAMED,-Xmx2048m,-Dfile.encoding=UTF-8,-Duser.country=AU,-Duser.language=en,-Duser.variant]} however its context does not match the desired criteria.
Java home is different.
Wanted: DefaultDaemonContext[uid=null,javaHome=C:\Program Files\Java\jdk-21.0.10,daemonRegistryDir=C:\Users\adria\.gradle\daemon,pid=35860,idleTimeout=null,priority=NORMAL,applyInstrumentationAgent=true,daemonOpts=-XX:MaxMetaspaceSize=512m,-XX:+HeapDumpOnOutOfMemoryError,--add-opens=java.base/java.util=ALL-UNNAMED,--add-opens=java.base/java.lang=ALL-UNNAMED,--add-opens=java.base/java.lang.invoke=ALL-UNNAMED,--add-opens=java.prefs/java.util.prefs=ALL-UNNAMED,--add-opens=java.base/java.nio.charset=ALL-UNNAMED,--add-opens=java.base/java.net=ALL-UNNAMED,--add-opens=java.base/java.util.concurrent.atomic=ALL-UNNAMED,-Xmx2048m,-Dfile.encoding=UTF-8,-Duser.country=AU,-Duser.language=en,-Duser.variant]
Actual: DefaultDaemonContext[uid=8c89e493-f68a-4ca8-97ee-7d5b400f49ec,javaHome=C:\Users\adria\AppData\Local\mise\installs\java\21.0.0,daemonRegistryDir=C:\Users\adria\.gradle\daemon,pid=15428,idleTimeout=10800000,priority=NORMAL,applyInstrumentationAgent=true,daemonOpts=-XX:MaxMetaspaceSize=512m,-XX:+HeapDumpOnOutOfMemoryError,--add-opens=java.base/java.util=ALL-UNNAMED,--add-opens=java.base/java.lang=ALL-UNNAMED,--add-opens=java.base/java.lang.invoke=ALL-UNNAMED,--add-opens=java.prefs/java.util.prefs=ALL-UNNAMED,--add-opens=java.base/java.nio.charset=ALL-UNNAMED,--add-opens=java.base/java.net=ALL-UNNAMED,--add-opens=java.base/java.util.concurrent.atomic=ALL-UNNAMED,-Xmx2048m,-Dfile.encoding=UTF-8,-Duser.country=AU,-Duser.language=en,-Duser.variant]

  Looking for a different daemon...
Found daemon DaemonInfo{pid=31784, address=[570785f9-ec74-4d09-91e3-0cf8ce9df62b port:61999, addresses:[/127.0.0.1]], state=Idle, lastBusy=1772871832078, context=DefaultDaemonContext[uid=ef51e174-e7d2-4765-9667-34563e4c8dfc,javaHome=C:\Runtimes\graalvm-jdk-25.0.2+10.1,daemonRegistryDir=C:\Users\adria\.gradle\daemon,pid=31784,idleTimeout=10800000,priority=NORMAL,applyInstrumentationAgent=true,daemonOpts=-XX:MaxMetaspaceSize=512m,-XX:+HeapDumpOnOutOfMemoryError,--add-opens=java.base/java.util=ALL-UNNAMED,--add-opens=java.base/java.lang=ALL-UNNAMED,--add-opens=java.base/java.lang.invoke=ALL-UNNAMED,--add-opens=java.prefs/java.util.prefs=ALL-UNNAMED,--add-opens=java.base/java.nio.charset=ALL-UNNAMED,--add-opens=java.base/java.net=ALL-UNNAMED,--add-opens=java.base/java.util.concurrent.atomic=ALL-UNNAMED,-Xmx2048m,-Dfile.encoding=UTF-8,-Duser.country=AU,-Duser.language=en,-Duser.variant]} however its context does not match the desired criteria.
Java home is different.
Wanted: DefaultDaemonContext[uid=null,javaHome=C:\Program Files\Java\jdk-21.0.10,daemonRegistryDir=C:\Users\adria\.gradle\daemon,pid=35860,idleTimeout=null,priority=NORMAL,applyInstrumentationAgent=true,daemonOpts=-XX:MaxMetaspaceSize=512m,-XX:+HeapDumpOnOutOfMemoryError,--add-opens=java.base/java.util=ALL-UNNAMED,--add-opens=java.base/java.lang=ALL-UNNAMED,--add-opens=java.base/java.lang.invoke=ALL-UNNAMED,--add-opens=java.prefs/java.util.prefs=ALL-UNNAMED,--add-opens=java.base/java.nio.charset=ALL-UNNAMED,--add-opens=java.base/java.net=ALL-UNNAMED,--add-opens=java.base/java.util.concurrent.atomic=ALL-UNNAMED,-Xmx2048m,-Dfile.encoding=UTF-8,-Duser.country=AU,-Duser.language=en,-Duser.variant]
Actual: DefaultDaemonContext[uid=ef51e174-e7d2-4765-9667-34563e4c8dfc,javaHome=C:\Runtimes\graalvm-jdk-25.0.2+10.1,daemonRegistryDir=C:\Users\adria\.gradle\daemon,pid=31784,idleTimeout=10800000,priority=NORMAL,applyInstrumentationAgent=true,daemonOpts=-XX:MaxMetaspaceSize=512m,-XX:+HeapDumpOnOutOfMemoryError,--add-opens=java.base/java.util=ALL-UNNAMED,--add-opens=java.base/java.lang=ALL-UNNAMED,--add-opens=java.base/java.lang.invoke=ALL-UNNAMED,--add-opens=java.prefs/java.util.prefs=ALL-UNNAMED,--add-opens=java.base/java.nio.charset=ALL-UNNAMED,--add-opens=java.base/java.net=ALL-UNNAMED,--add-opens=java.base/java.util.concurrent.atomic=ALL-UNNAMED,-Xmx2048m,-Dfile.encoding=UTF-8,-Duser.country=AU,-Duser.language=en,-Duser.variant]

  Looking for a different daemon...
The client will now receive all logging from the daemon (pid: 34288). The daemon log file: C:\Users\adria\.gradle\daemon\8.5\daemon-34288.out.log
Starting 6th build in daemon [uptime: 6 mins 1.474 secs, performance: 100%, GC rate: 0.00/s, heap usage: 0% of 2 GiB, non-heap usage: 16% of 512 MiB]
Using 4 worker leases.
Not watching E:\Source\JakartaMigrationMCP since the file system is not supported
Reusing configuration cache.
Not watching E:\Source\JakartaMigrationMCP since the file system is not supported
Watching the file system is configured to be enabled if available
File system watching is active
Using local directory build cache for the root build (location = C:\Users\adria\.gradle\caches\build-cache-1, removeUnusedEntriesAfter = 7 days).
Tasks to be executed: [task ':community-core-engine:compileJava', task ':community-core-engine:processResources', task ':community-core-engine:classes', task ':community-core-engine:compileTestJava', task ':community-core-engine:processTestResources', task ':community-core-engine:testClasses', task ':community-core-engine:test']
Tasks that were excluded: []
Resolve mutations for :community-core-engine:compileJava (Thread[#286,Execution worker,5,main]) started.
Resolve mutations for :community-core-engine:processResources (Thread[#287,Execution worker Thread 2,5,main]) started.
Resolve mutations for :community-core-engine:processTestResources (Thread[#288,Execution worker Thread 3,5,main]) started.
:community-core-engine:processResources (Thread[#287,Execution worker Thread 2,5,main]) started.
:community-core-engine:processTestResources (Thread[#288,Execution worker Thread 3,5,main]) started.
:community-core-engine:compileJava (Thread[#286,Execution worker,5,main]) started.

> Task :community-core-engine:processTestResources NO-SOURCE
Skipping task ':community-core-engine:processTestResources' as it has no source files and no previous output files.

> Task :community-core-engine:processResources UP-TO-DATE
Caching disabled for task ':community-core-engine:processResources' because:
  Not worth caching
Skipping task ':community-core-engine:processResources' as it is up-to-date.

> Task :community-core-engine:compileJava UP-TO-DATE
Build cache key for task ':community-core-engine:compileJava' is 4217b6b39e7938afebfde702ed725ac7
Skipping task ':community-core-engine:compileJava' as it is up-to-date.
Resolve mutations for :community-core-engine:classes (Thread[#286,Execution worker,5,main]) started.
:community-core-engine:classes (Thread[#287,Execution worker Thread 2,5,main]) started.

> Task :community-core-engine:classes UP-TO-DATE
Skipping task ':community-core-engine:classes' as it has no actions.
Resolve mutations for :community-core-engine:compileTestJava (Thread[#287,Execution worker Thread 2,5,main]) started.
:community-core-engine:compileTestJava (Thread[#287,Execution worker Thread 2,5,main]) started.

> Task :community-core-engine:compileTestJava UP-TO-DATE
Build cache key for task ':community-core-engine:compileTestJava' is df2027fb0cf7587ddc414b0a4c706cf1
Skipping task ':community-core-engine:compileTestJava' as it is up-to-date.
Resolve mutations for :community-core-engine:testClasses (Thread[#287,Execution worker Thread 2,5,main]) started.
:community-core-engine:testClasses (Thread[#286,Execution worker,5,main]) started.

> Task :community-core-engine:testClasses UP-TO-DATE
Skipping task ':community-core-engine:testClasses' as it has no actions.
Resolve mutations for :community-core-engine:test (Thread[#286,Execution worker,5,main]) started.
:community-core-engine:test (Thread[#287,Execution worker Thread 2,5,main]) started.
Gradle Test Executor 4 started executing tests.
Gradle Test Executor 4 finished executing tests.

> Task :community-core-engine:test FAILED
Build cache key for task ':community-core-engine:test' is 6c71b733cb1f79328703eb04b7ece9a1
Task ':community-core-engine:test' is not up-to-date because:
  Task has failed previously.
Starting process 'Gradle Test Executor 4'. Working directory: E:\Source\JakartaMigrationMCP\community-core-engine Command: C:\Program Files\Eclipse Adoptium\jdk-17.0.17.10-hotspot\bin\java.exe -Dorg.gradle.internal.worker.tmpdir=E:\Source\JakartaMigrationMCP\community-core-engine\build\tmp\test\work -Dorg.gradle.native=false @C:\Users\adria\.gradle\.tmp\gradle-worker-classpath15435742830926693761txt -Xmx512m -Dfile.encoding=UTF-8 -Duser.country=AU -Duser.language=en -Duser.variant -ea worker.org.gradle.process.internal.worker.GradleWorkerMain 'Gradle Test Executor 4'
Successfully started process 'Gradle Test Executor 4'

RefactoringEngine Tests > Should apply multiple recipes in sequence STANDARD_ERROR
    SLF4J: No SLF4J providers were found.
    SLF4J: Defaulting to no-operation (NOP) logger implementation
    SLF4J: See https://www.slf4j.org/codes.html#noProviders for further details.

RefactoringEngine Tests > Should refactor Annotation with MigrateAnnotation recipe FAILED
    org.opentest4j.AssertionFailedError: 
    Expecting value to be true but was false
        at java.base@17.0.17/jdk.internal.reflect.NativeConstructorAccessorImpl.newInstance0(Native Method)
        at java.base@17.0.17/jdk.internal.reflect.NativeConstructorAccessorImpl.newInstance(NativeConstructorAccessorImpl.java:77)
        at java.base@17.0.17/jdk.internal.reflect.DelegatingConstructorAccessorImpl.newInstance(DelegatingConstructorAccessorImpl.java:45)
        at java.base@17.0.17/java.lang.reflect.Constructor.newInstanceWithCaller(Constructor.java:500)
        at app//adrianmikula.jakartamigration.coderefactoring.service.RefactoringEngineTest.shouldRefactorAnnotationWithMigrateAnnotationRecipe(RefactoringEngineTest.java:500)
./gradlew : 
At line:1 char:53
+ ... k-21.0.10"; ./gradlew :community-core-engine:test --tests "adrianmiku 
...
+                 ~~~~~~~~~~~~~~~~~~~~~~~~~~~~~~~~~~~~~~~~~~~~~~~~~~~~~~~~~
    + CategoryInfo          : NotSpecified: (:String) [], RemoteException
    + FullyQualifiedErrorId : NativeCommandError
 
19 tests completed, 1 failed
Finished generating test XML results (0.003 secs) into: E:\Source\JakartaMigrationMCP\community-core-engine\build\test-results\test
Generating HTML test report...
Finished generating test html results (0.01 secs) into: E:\Source\JakartaMigrationMCP\community-core-engine\build\reports\tests\test

FAILURE: Build failed with an exception.

* What went wrong:
Execution failed for task ':community-core-engine:test'.
> There were failing tests. See the report at: file:///E:/Source/JakartaMigr
ationMCP/community-core-engine/build/reports/tests/test/index.html

* Try:
> Run with --scan to get full insights.

Deprecated Gradle features were used in this build, making it incompatible with Gradle 9.0.

You can use '--warning-mode all' to show the individual deprecation warnings and determine if they come from your own scripts or plugins.

For more on this, please refer to https://docs.gradle.org/8.5/userguide/command_line_interface.html#sec:command_line_warnings in the Gradle documentation.

BUILD FAILED in 3s
4 actionable tasks: 1 executed, 3 up-to-date
Some of the file system contents retained in the virtual file system are on file systems that Gradle doesn't support watching. The relevant state was discarded to ensure changes to these locations are properly detected. You can override this by explicitly enabling file system watching.
Watched directory hierarchies: []
Configuration cache entry reused.
